version https://git-lfs.github.com/spec/v1
oid sha256:267db62583d48c77ecc2e87cee96809bf1454fde5291b69a6c3e904136b48c06
size 260
