version https://git-lfs.github.com/spec/v1
oid sha256:07844ad6e8c22208d7620b337e9d7eb7163dd91eae648d391c55d3687fb57643
size 557
