version https://git-lfs.github.com/spec/v1
oid sha256:4ecac46459304045259593fe66f92ec62fbdb064b240aaea0504a9e8bb8a739b
size 549
