version https://git-lfs.github.com/spec/v1
oid sha256:8fa392be8321e4845b04b7a678b3408afce90ea5bc277a96a57caafff545e014
size 1605
