version https://git-lfs.github.com/spec/v1
oid sha256:787eca4e7c0f4905d22c66e2391117ac87734290979d84f1c444908d9c91aa16
size 490
