version https://git-lfs.github.com/spec/v1
oid sha256:a078cd59ae344b00d1881619c0ec27c261f78ea2ab6e8ae14e16751c34bf638b
size 388
