version https://git-lfs.github.com/spec/v1
oid sha256:722e10e9f696987637a724b3a465fc87bb423ae6a4d2bcc6e1dc254e144a1b5b
size 349
