version https://git-lfs.github.com/spec/v1
oid sha256:f579599b777be228641c04631df561c16880d100b2b54a0928a1d71b683d2506
size 393
