version https://git-lfs.github.com/spec/v1
oid sha256:092f7dbcb320a231dfde398a1a152b4572d1f9c3c1e1b7db31553311bbd862ea
size 388
