version https://git-lfs.github.com/spec/v1
oid sha256:aacf32c008106bae67f861cf8e1e72b438b55ac753f2edb78f994702521cfd50
size 893
