version https://git-lfs.github.com/spec/v1
oid sha256:423a6b0957adaaa27ecb54dc793f3964ff4219db5b3ee3289f185dc64e81322e
size 1230
