version https://git-lfs.github.com/spec/v1
oid sha256:e8d116dd917a437bdb234c5740e4faa09024f81045c530b077c8ac1c8370b27b
size 451
