version https://git-lfs.github.com/spec/v1
oid sha256:f5f86231a4fd53a6327d41f3a4f7a6fd6d584cc41cb31e660aab07e2baf4e28a
size 502
