version https://git-lfs.github.com/spec/v1
oid sha256:3127330939cc2d0747ad93c78b44d861a306a9b7fc2499b7497d9146f1787407
size 1068
