version https://git-lfs.github.com/spec/v1
oid sha256:60959d6ef01761e557db4d46735d7aa831c94d6963ae5003181c757a6aba999c
size 533
