version https://git-lfs.github.com/spec/v1
oid sha256:f4217c2c91eae6643a673e32a827da454f27e410c80098dc5fe41d8cfdd161ef
size 618
