version https://git-lfs.github.com/spec/v1
oid sha256:bf1240fa9a57abb79f5ba7a82a7a32b077add668e01803e7465179809631b169
size 1506
