version https://git-lfs.github.com/spec/v1
oid sha256:e73eb74120237dc1330274ff4416da2dcebc0c756c31a9dc0a5159b1e298a280
size 763
