version https://git-lfs.github.com/spec/v1
oid sha256:6eabbe960a094389e36e2bd39ea33902666697005ec8387f86daaffe39b52243
size 277
