version https://git-lfs.github.com/spec/v1
oid sha256:c70cf52baf81dd23b937f67389eb2101f304b55fd8a6a16c186751ad5e53b50c
size 4138
