// Jest Snapshot v1, https://goo.gl/fbAQLP

exports[`DirectMessage should render correctly in "debug" mode 1`] = `
<div
  class="direct-message"
>
  <div
    class="direct-message-avatar col-3"
  >
    <img
      src="undefined"
    />
  </div>
  <div
    class="direct-message-content col-9"
  >
    <p
      class="col-12"
    />
    <p
      class="direct-message-preview"
    >
      Preview of last message...
    </p>
  </div>
</div>
`;
