// Jest Snapshot v1, https://goo.gl/fbAQLP

exports[`Login should render correctly in "debug" mode 1`] = `
<div
  id="login"
>
  <h2
    id="welcome-message"
  >
    Welcome back to Aware
  </h2>
  <h4>
    Login now to gain access
  </h4>
  <form>
    <div
      class="container"
    >
      <label
        id="login-username"
      >
        Username
      </label>
      <input
        class="landing-textfield"
        onChange={[Function]}
        type="text"
      />
      <label
        id="login-password"
      >
        Password
      </label>
      <input
        class="landing-textfield"
        type="password"
      />
      <div
        id="checkbox-forgot"
      >
        <label>
          <input
            checked={false}
            onChange={[Function]}
            type="checkbox"
          />
          Â  Remember me
        </label>
        <label
          id="forgot-password"
        >
          <span>
            Forgot password?
          </span>
        </label>
      </div>
      <button
        onClick={[Function]}
        type="submit"
      >
        Login
      </button>
      <label
        id="login-register"
      >
        Don't have an account? 
        <span
          onClick={[Function]}
        >
          register now!
        </span>
      </label>
    </div>
  </form>
</div>
`;
