version https://git-lfs.github.com/spec/v1
oid sha256:2099f8171ec570deac35714993d9a81c7739ae530584bf30a6b52a3c5b5af26b
size 1302
