version https://git-lfs.github.com/spec/v1
oid sha256:4071c79c3d6cd099df233720eae45088cef7d8e05b06d087536ecd27681841d5
size 1266
