// Jest Snapshot v1, https://goo.gl/fbAQLP

exports[`App should render correctly in "debug" mode 1`] = `
<Landing
  loadMessenger={[Function]}
  name={null}
  setUsername={[Function]}
  socket={
    Socket {
      "_callbacks": Object {
        "$connect": Array [
          [Function],
        ],
        "$connecting": Array [
          [Function],
        ],
      },
      "acks": Object {},
      "connected": false,
      "disconnected": true,
      "flags": Object {},
      "ids": 0,
      "io": Manager {
        "_callbacks": Object {
          "$close": Array [
            [Function],
          ],
          "$open": Array [
            [Function],
          ],
          "$packet": Array [
            [Function],
          ],
        },
        "_randomizationFactor": 0.5,
        "_reconnection": true,
        "_reconnectionAttempts": Infinity,
        "_reconnectionDelay": 1000,
        "_reconnectionDelayMax": 5000,
        "_timeout": 20000,
        "autoConnect": true,
        "backoff": Backoff {
          "attempts": 0,
          "factor": 2,
          "jitter": 0.5,
          "max": 5000,
          "ms": 1000,
        },
        "connecting": Array [
          [Circular],
        ],
        "decoder": Decoder {
          "reconstructor": null,
        },
        "encoder": Encoder {},
        "encoding": false,
        "engine": Socket {
          "_callbacks": Object {
            "$error": Array [
              [Function],
            ],
            "$open": Array [
              [Function],
            ],
          },
          "agent": false,
          "binaryType": null,
          "ca": null,
          "cert": null,
          "ciphers": null,
          "enablesXDR": false,
          "forceBase64": false,
          "forceJSONP": false,
          "forceNode": false,
          "hostname": "localhost",
          "id": null,
          "isReactNative": false,
          "jsonp": true,
          "key": null,
          "onlyBinaryUpgrades": undefined,
          "passphrase": null,
          "path": "/socket.io/",
          "perMessageDeflate": Object {
            "threshold": 1024,
          },
          "pfx": null,
          "pingInterval": null,
          "pingIntervalTimer": null,
          "pingTimeout": null,
          "pingTimeoutTimer": null,
          "policyPort": 843,
          "port": "80",
          "prevBufferLen": 0,
          "query": Object {},
          "readyState": "opening",
          "rejectUnauthorized": true,
          "rememberUpgrade": false,
          "secure": false,
          "timestampParam": "t",
          "timestampRequests": undefined,
          "transport": XHR {
            "_callbacks": Object {
              "$close": Array [
                [Function],
              ],
              "$drain": Array [
                [Function],
              ],
              "$error": Array [
                [Function],
              ],
              "$packet": Array [
                [Function],
              ],
            },
            "agent": false,
            "ca": null,
            "cert": null,
            "ciphers": null,
            "enablesXDR": false,
            "extraHeaders": undefined,
            "forceNode": false,
            "hostname": "localhost",
            "isReactNative": false,
            "key": null,
            "localAddress": undefined,
            "passphrase": null,
            "path": "/socket.io/",
            "pfx": null,
            "pollXhr": Request {
              "_callbacks": Object {
                "$data": Array [
                  [Function],
                ],
                "$error": Array [
                  [Function],
                ],
              },
              "agent": false,
              "async": true,
              "ca": null,
              "cert": null,
              "ciphers": null,
              "data": null,
              "enablesXDR": false,
              "extraHeaders": undefined,
              "index": 0,
              "isBinary": undefined,
              "key": null,
              "method": "GET",
              "passphrase": null,
              "pfx": null,
              "rejectUnauthorized": true,
              "requestTimeout": undefined,
              "supportsBinary": false,
              "uri": "http://localhost/socket.io/?EIO=3&transport=polling&t=MiVSrHm&b64=1",
              "xd": true,
              "xhr": XMLHttpRequest {
                "DONE": 4,
                "HEADERS_RECEIVED": 2,
                "LOADING": 3,
                "OPENED": 1,
                "UNSENT": 0,
                "abort": [Function],
                "addEventListener": [Function],
                "dispatchEvent": [Function],
                "getAllResponseHeaders": [Function],
                "getRequestHeader": [Function],
                "getResponseHeader": [Function],
                "handleError": [Function],
                "onreadystatechange": [Function],
                "open": [Function],
                "readyState": 1,
                "removeEventListener": [Function],
                "responseText": "",
                "responseXML": "",
                "send": [Function],
                "setDisableHeaderCheck": [Function],
                "setRequestHeader": [Function],
                "status": null,
                "statusText": null,
              },
              "xs": false,
            },
            "polling": true,
            "port": "80",
            "query": Object {
              "EIO": 3,
              "b64": 1,
              "t": "MiVSrHm",
              "transport": "polling",
            },
            "readyState": "opening",
            "rejectUnauthorized": true,
            "requestTimeout": undefined,
            "secure": false,
            "socket": [Circular],
            "supportsBinary": false,
            "timestampParam": "t",
            "timestampRequests": undefined,
            "xd": true,
            "xs": false,
          },
          "transportOptions": Object {},
          "transports": Array [
            "polling",
            "websocket",
          ],
          "upgrade": true,
          "upgrades": null,
          "writeBuffer": Array [],
        },
        "lastPing": null,
        "nsps": Object {
          "/": [Circular],
        },
        "opts": Object {
          "hostname": "localhost",
          "path": "/socket.io",
          "port": "80",
          "secure": false,
        },
        "packetBuffer": Array [],
        "readyState": "opening",
        "skipReconnect": false,
        "subs": Array [
          Object {
            "destroy": [Function],
          },
          Object {
            "destroy": [Function],
          },
          Object {
            "destroy": [Function],
          },
        ],
        "uri": "http://localhost",
      },
      "json": [Circular],
      "nsp": "/",
      "receiveBuffer": Array [],
      "sendBuffer": Array [],
      "subs": Array [
        Object {
          "destroy": [Function],
        },
        Object {
          "destroy": [Function],
        },
        Object {
          "destroy": [Function],
        },
      ],
    }
  }
/>
`;
