version https://git-lfs.github.com/spec/v1
oid sha256:4ae6888932fbdfc98b9fe6385d0fda9ef488506c6c3119780450dfe1ab71b731
size 1055
