version https://git-lfs.github.com/spec/v1
oid sha256:605b54cf5773fe218f841c87c278bd65b1fedbcff48234da04e70db11ff0e1bc
size 624
